error: no rules expected the token `const`
 --> tests/ui/compile-fail/pinned_drop/unexpected_item.rs:8:5
  |
8 |     const BAZ: usize = 0;
  |     ^^^^^ no rules expected this token in macro call
  |
note: while trying to match `fn`
 --> src/macros.rs
  |
  |             fn drop($($sig:tt)*) {
  |             ^^

error[E0277]: the trait bound `Foo: PinnedDrop` is not satisfied
 --> tests/ui/compile-fail/pinned_drop/unexpected_item.rs:3:1
  |
3 | #[pin_data(PinnedDrop)]
  | ^^^^^^^^^^^^^^^^^^^^^^^
  | |
  | the trait `PinnedDrop` is not implemented for `Foo`
  | required by a bound introduced by this call
  |
  = note: this error originates in the macro `$crate::__pin_data` which comes from the expansion of the attribute macro `pin_data` (in Nightly builds, run with -Z macro-backtrace for more info)
